// Vitest Snapshot v1, https://vitest.dev/guide/snapshot.html

exports[`matches with snapshot 1`] = `
<DocumentFragment>
  <div
    class="MuiPaper-root MuiPaper-elevation MuiPaper-rounded MuiPaper-elevation1 MuiCard-root css-1ek9gvc-MuiPaper-root-MuiCard-root"
    style="--Paper-shadow: 0px 2px 1px -1px rgba(0,0,0,0.2),0px 1px 1px 0px rgba(0,0,0,0.14),0px 1px 3px 0px rgba(0,0,0,0.12);"
  >
    <a
      href="/books/volumeId/vol1"
      style="text-decoration: none;"
    >
      <section
        class="MuiBox-root css-pzumkx"
      >
        <img
          alt="book image"
          class="MuiCardMedia-root MuiCardMedia-media MuiCardMedia-img css-qb6ft1-MuiCardMedia-root"
          height="auto"
          src="img1"
        />
      </section>
      <div
        class="MuiCardContent-root css-1lt5qva-MuiCardContent-root"
      >
        <p
          class="MuiTypography-root MuiTypography-body1 css-1oth169-MuiTypography-root"
        >
          title1
        </p>
        <p
          class="MuiTypography-root MuiTypography-body1 css-l5k6vd-MuiTypography-root"
        >
          By auth1
        </p>
        <p
          class="MuiTypography-root MuiTypography-body1 css-1a5af2-MuiTypography-root"
        >
          desc1
        </p>
      </div>
    </a>
  </div>
</DocumentFragment>
`;
