// Vitest Snapshot v1, https://vitest.dev/guide/snapshot.html

exports[`matches with snapshot 1`] = `
<DocumentFragment>
  <div>
    <div
      class="MuiBox-root css-69i1ev"
    >
      <h2
        class="MuiBox-root css-qq7rji"
      >
        All Reviews:
      </h2>
      <button
        aria-label="close"
        class="MuiButtonBase-root MuiIconButton-root MuiIconButton-colorWarning MuiIconButton-sizeLarge css-1mhl10j-MuiButtonBase-root-MuiIconButton-root"
        tabindex="0"
        type="button"
      >
        <svg
          aria-hidden="true"
          class="MuiSvgIcon-root MuiSvgIcon-fontSizeInherit css-1ckov0h-MuiSvgIcon-root"
          data-testid="CloseIcon"
          focusable="false"
          viewBox="0 0 24 24"
        >
          <path
            d="M19 6.41 17.59 5 12 10.59 6.41 5 5 6.41 10.59 12 5 17.59 6.41 19 12 13.41 17.59 19 19 17.59 13.41 12z"
          />
        </svg>
      </button>
    </div>
    <div>
      <div
        class="MuiBox-root css-7bhehk"
      >
        <p
          class="MuiTypography-root MuiTypography-body1 css-1xy95es-MuiTypography-root"
        >
          comment1
        </p>
        <div
          class="MuiBox-root css-hbfgti"
        >
          user1 - Invalid Date
        </div>
        <hr
          class="MuiDivider-root MuiDivider-fullWidth css-1javkat-MuiDivider-root"
        />
      </div>
    </div>
  </div>
</DocumentFragment>
`;
